Archive member included because of file (symbol)

/home/yog/TRoll/projects/scalp/libscalp.a(fr_cmdes.o)
                              minut.o (frame_set_2)
/home/yog/TRoll/projects/scalp/libscalp.a(basic.o)
                              main.o (BSC_init)
/home/yog/TRoll/projects/scalp/libscalp.a(common.o)
                              main.o (CMN_init)
/home/yog/TRoll/projects/scalp/libscalp.a(dispatcher.o)
                              main.o (DPT_init)
/home/yog/TRoll/projects/scalp/libscalp.a(routing_tables.o)
                              /home/yog/TRoll/projects/scalp/libscalp.a(dispatcher.o) (ROUT_route)
/home/yog/TRoll/projects/scalp/libscalp.a(cpu.o)
                              main.o (CPU_init)
/home/yog/TRoll/projects/nanoK/libnanoK.a(timer0.o)
                              servo.o (TMR0_init)
/home/yog/TRoll/projects/nanoK/libnanoK.a(timer2.o)
                              main.o (TMR2_init)
/home/yog/TRoll/projects/nanoK/libnanoK.a(twi.o)
                              /home/yog/TRoll/projects/scalp/libscalp.a(dispatcher.o) (TWI_init)
/home/yog/TRoll/projects/nanoK/libnanoK.a(sleep.o)
                              /home/yog/TRoll/projects/scalp/libscalp.a(cpu.o) (SLP_register)
/home/yog/TRoll/projects/nanoK/libnanoK.a(eeprom.o)
                              /home/yog/TRoll/projects/scalp/libscalp.a(basic.o) (EEP_init)
/home/yog/TRoll/projects/nanoK/libnanoK.a(fifo.o)
                              minut.o (FIFO_init)
/home/yog/TRoll/projects/nanoK/libnanoK.a(time.o)
                              main.o (TIME_init)
/home/yog/TRoll/projects/nanoK/libnanoK.a(state_machine.o)
                              minut.o (STM_init)
/home/yog/TRoll/projects/nanoK/libnanoK.a(adxl345.o)
                              acq.o (ADXL_init)
/home/yog/TRoll/projects/nanoK/libnanoK.a(spi.o)
                              /home/yog/TRoll/projects/nanoK/libnanoK.a(adxl345.o) (SPI_init)
/usr/lib/gcc/avr/4.7.0/avr5/libgcc.a(_umulhisi3.o)
                              /home/yog/TRoll/projects/scalp/libscalp.a(basic.o) (__umulhisi3)
/usr/lib/gcc/avr/4.7.0/avr5/libgcc.a(_muluhisi3.o)
                              main.o (__muluhisi3)
/usr/lib/gcc/avr/4.7.0/avr5/libgcc.a(_divmodhi4.o)
                              servo.o (__divmodhi4)
/usr/lib/gcc/avr/4.7.0/avr5/libgcc.a(_udivmodsi4.o)
                              main.o (__udivmodsi4)
/usr/lib/gcc/avr/4.7.0/avr5/libgcc.a(_prologue.o)
                              minut.o (__prologue_saves__)
/usr/lib/gcc/avr/4.7.0/avr5/libgcc.a(_epilogue.o)
                              minut.o (__epilogue_restores__)
/usr/lib/gcc/avr/4.7.0/avr5/libgcc.a(_exit.o)
                              /usr/lib/gcc/avr/4.7.0/../../../avr/lib/avr5/crtm328p.o (exit)
/usr/lib/gcc/avr/4.7.0/avr5/libgcc.a(_tablejump.o)
                              /home/yog/TRoll/projects/scalp/libscalp.a(basic.o) (__tablejump2__)
/usr/lib/gcc/avr/4.7.0/avr5/libgcc.a(_copy_data.o)
                              minut.o (__do_copy_data)
/usr/lib/gcc/avr/4.7.0/avr5/libgcc.a(_clear_bss.o)
                              minut.o (__do_clear_bss)
/usr/lib/gcc/avr/4.7.0/avr5/libgcc.a(_ashldi3.o)
                              /home/yog/TRoll/projects/scalp/libscalp.a(dispatcher.o) (__ashldi3)
/usr/lib/gcc/avr/4.7.0/avr5/libgcc.a(_cmpdi2_s8.o)
                              /home/yog/TRoll/projects/scalp/libscalp.a(dispatcher.o) (__cmpdi2_s8)
/usr/lib/gcc/avr/4.7.0/avr5/libgcc.a(_udivmodhi4.o)
                              /usr/lib/gcc/avr/4.7.0/avr5/libgcc.a(_divmodhi4.o) (__udivmodhi4)
/usr/lib/gcc/avr/4.7.0/../../../avr/lib/avr5/libc.a(memcpy_P.o)
                              /home/yog/TRoll/projects/scalp/libscalp.a(basic.o) (memcpy_P)
/usr/lib/gcc/avr/4.7.0/../../../avr/lib/avr5/libc.a(memcpy.o)
                              /home/yog/TRoll/projects/nanoK/libnanoK.a(fifo.o) (memcpy)

Allocating common symbols
Common symbol       size              file

ACQ                 0x20              acq.o
SERVO               0x83              servo.o
MNT                 0xbd              minut.o

Memory Configuration

Name             Origin             Length             Attributes
text             0x0000000000000000 0x0000000000020000 xr
data             0x0000000000800060 0x000000000000ffa0 rw !x
eeprom           0x0000000000810000 0x0000000000010000 rw !x
fuse             0x0000000000820000 0x0000000000000400 rw !x
lock             0x0000000000830000 0x0000000000000400 rw !x
signature        0x0000000000840000 0x0000000000000400 rw !x
*default*        0x0000000000000000 0xffffffffffffffff

Linker script and memory map

Address of section .data set to 0x800100
LOAD /usr/lib/gcc/avr/4.7.0/../../../avr/lib/avr5/crtm328p.o
LOAD main.o
LOAD minut.o
LOAD servo.o
LOAD acq.o
LOAD /home/yog/TRoll/projects/scalp/libscalp.a
LOAD /home/yog/TRoll/projects/nanoK/libnanoK.a
LOAD /usr/lib/gcc/avr/4.7.0/avr5/libgcc.a
LOAD /usr/lib/gcc/avr/4.7.0/../../../avr/lib/avr5/libc.a
LOAD /usr/lib/gcc/avr/4.7.0/avr5/libgcc.a

.hash
 *(.hash)

.dynsym
 *(.dynsym)

.dynstr
 *(.dynstr)

.gnu.version
 *(.gnu.version)

.gnu.version_d
 *(.gnu.version_d)

.gnu.version_r
 *(.gnu.version_r)

.rel.init
 *(.rel.init)

.rela.init
 *(.rela.init)

.rel.text
 *(.rel.text)
 *(.rel.text.*)
 *(.rel.gnu.linkonce.t*)

.rela.text
 *(.rela.text)
 *(.rela.text.*)
 *(.rela.gnu.linkonce.t*)

.rel.fini
 *(.rel.fini)

.rela.fini
 *(.rela.fini)

.rel.rodata
 *(.rel.rodata)
 *(.rel.rodata.*)
 *(.rel.gnu.linkonce.r*)

.rela.rodata
 *(.rela.rodata)
 *(.rela.rodata.*)
 *(.rela.gnu.linkonce.r*)

.rel.data
 *(.rel.data)
 *(.rel.data.*)
 *(.rel.gnu.linkonce.d*)

.rela.data
 *(.rela.data)
 *(.rela.data.*)
 *(.rela.gnu.linkonce.d*)

.rel.ctors
 *(.rel.ctors)

.rela.ctors
 *(.rela.ctors)

.rel.dtors
 *(.rel.dtors)

.rela.dtors
 *(.rela.dtors)

.rel.got
 *(.rel.got)

.rela.got
 *(.rela.got)

.rel.bss
 *(.rel.bss)

.rela.bss
 *(.rela.bss)

.rel.plt
 *(.rel.plt)

.rela.plt
 *(.rela.plt)

.text           0x0000000000000000     0x3660
 *(.vectors)
 .vectors       0x0000000000000000       0x68 /usr/lib/gcc/avr/4.7.0/../../../avr/lib/avr5/crtm328p.o
                0x0000000000000000                __vectors
                0x0000000000000000                __vector_default
 *(.vectors)
 *(.progmem.gcc*)
 .progmem.gcc_sw_table
                0x0000000000000068       0x16 /home/yog/TRoll/projects/scalp/libscalp.a(basic.o)
 .progmem.gcc_sw_table
                0x000000000000007e       0x12 /home/yog/TRoll/projects/scalp/libscalp.a(common.o)
 .progmem.gcc_sw_table
                0x0000000000000090       0x16 /home/yog/TRoll/projects/scalp/libscalp.a(dispatcher.o)
 *(.progmem*)
 .progmem.data  0x00000000000000a6       0x34 /home/yog/TRoll/projects/nanoK/libnanoK.a(twi.o)
                0x00000000000000da                . = ALIGN (0x2)
                0x00000000000000da                __trampolines_start = .
 *(.trampolines)
 .trampolines   0x00000000000000da        0x0 linker stubs
 *(.trampolines*)
                0x00000000000000da                __trampolines_end = .
 *(.jumptables)
 *(.jumptables*)
 *(.lowtext)
 *(.lowtext*)
                0x00000000000000da                __ctors_start = .
 *(.ctors)
                0x00000000000000da                __ctors_end = .
                0x00000000000000da                __dtors_start = .
 *(.dtors)
                0x00000000000000da                __dtors_end = .
 SORT(*)(.ctors)
 SORT(*)(.dtors)
 *(.init0)
 .init0         0x00000000000000da        0x0 /usr/lib/gcc/avr/4.7.0/../../../avr/lib/avr5/crtm328p.o
                0x00000000000000da                __init
 *(.init0)
 *(.init1)
 *(.init1)
 *(.init2)
 .init2         0x00000000000000da        0xc /usr/lib/gcc/avr/4.7.0/../../../avr/lib/avr5/crtm328p.o
 *(.init2)
 *(.init3)
 *(.init3)
 *(.init4)
 .init4         0x00000000000000e6       0x16 /usr/lib/gcc/avr/4.7.0/avr5/libgcc.a(_copy_data.o)
                0x00000000000000e6                __do_copy_data
 .init4         0x00000000000000fc       0x10 /usr/lib/gcc/avr/4.7.0/avr5/libgcc.a(_clear_bss.o)
                0x00000000000000fc                __do_clear_bss
 *(.init4)
 *(.init5)
 *(.init5)
 *(.init6)
 *(.init6)
 *(.init7)
 *(.init7)
 *(.init8)
 *(.init8)
 *(.init9)
 .init9         0x000000000000010c        0x8 /usr/lib/gcc/avr/4.7.0/../../../avr/lib/avr5/crtm328p.o
 *(.init9)
 *(.text)
 .text          0x0000000000000114        0x4 /usr/lib/gcc/avr/4.7.0/../../../avr/lib/avr5/crtm328p.o
                0x0000000000000114                __vector_1
                0x0000000000000114                __vector_12
                0x0000000000000114                __bad_interrupt
                0x0000000000000114                __vector_6
                0x0000000000000114                __vector_3
                0x0000000000000114                __vector_23
                0x0000000000000114                __vector_25
                0x0000000000000114                __vector_11
                0x0000000000000114                __vector_13
                0x0000000000000114                __vector_19
                0x0000000000000114                __vector_5
                0x0000000000000114                __vector_4
                0x0000000000000114                __vector_2
                0x0000000000000114                __vector_21
                0x0000000000000114                __vector_15
                0x0000000000000114                __vector_8
                0x0000000000000114                __vector_10
                0x0000000000000114                __vector_18
                0x0000000000000114                __vector_20
 .text          0x0000000000000118       0x32 main.o
 .text          0x000000000000014a      0xa90 minut.o
                0x0000000000000ace                MNT_init
                0x0000000000000b92                MNT_run
 .text          0x0000000000000bda      0x2d8 servo.o
                0x0000000000000e3c                SERVO_init
                0x0000000000000ea8                SERVO_run
 .text          0x0000000000000eb2      0x17c acq.o
                0x0000000000000fd6                ACQ_init
                0x0000000000001028                ACQ_run
 .text          0x000000000000102e       0xba /home/yog/TRoll/projects/scalp/libscalp.a(fr_cmdes.o)
                0x000000000000102e                frame_set_0
                0x000000000000103c                frame_set_1
                0x0000000000001050                frame_set_2
                0x000000000000106a                frame_set_3
                0x000000000000108a                frame_set_4
                0x00000000000010b0                frame_set_5
 .text          0x00000000000010e8      0x58e /home/yog/TRoll/projects/scalp/libscalp.a(basic.o)
                0x00000000000010e8                BSC_frame_handling
                0x0000000000001450                BSC_in
                0x00000000000014f8                BSC_out
                0x0000000000001568                BSC_init
                0x000000000000163c                BSC_run
 .text          0x0000000000001676      0x4bc /home/yog/TRoll/projects/scalp/libscalp.a(common.o)
                0x00000000000017c6                blink_led
                0x0000000000001a4a                CMN_init
                0x0000000000001b04                CMN_run
 .text          0x0000000000001b32      0x658 /home/yog/TRoll/projects/scalp/libscalp.a(dispatcher.o)
                0x0000000000001ea8                DPT_init
                0x0000000000001f5e                DPT_run
                0x0000000000001fb4                DPT_register
                0x0000000000001fec                DPT_lock
                0x000000000000203a                DPT_unlock
                0x000000000000208c                DPT_tx
                0x000000000000217a                DPT_set_sl_addr
                0x0000000000002184                DPT_gen_call
 .text          0x000000000000218a      0x23a /home/yog/TRoll/projects/scalp/libscalp.a(routing_tables.o)
                0x0000000000002322                ROUT_init
                0x0000000000002376                ROUT_run
                0x000000000000237c                ROUT_route
 .text          0x00000000000023c4      0x26c /home/yog/TRoll/projects/scalp/libscalp.a(cpu.o)
                0x0000000000002482                CPU_init
                0x0000000000002534                CPU_run
 .text          0x0000000000002630      0x14a /home/yog/TRoll/projects/nanoK/libnanoK.a(timer0.o)
                0x0000000000002630                __vector_16
                0x0000000000002696                __vector_14
                0x00000000000026fc                TMR0_init
                0x0000000000002764                TMR0_reset
                0x000000000000276a                TMR0_start
                0x0000000000002772                TMR0_stop
                0x0000000000002776                TMR0_get_value
 .text          0x000000000000277a      0x15c /home/yog/TRoll/projects/nanoK/libnanoK.a(timer2.o)
                0x000000000000277a                __vector_9
                0x00000000000027da                __vector_7
                0x000000000000283a                TMR2_init
                0x00000000000028b6                TMR2_reset
                0x00000000000028c0                TMR2_start
                0x00000000000028ca                TMR2_stop
                0x00000000000028d0                TMR2_get_value
 .text          0x00000000000028d6      0x366 /home/yog/TRoll/projects/nanoK/libnanoK.a(twi.o)
                0x00000000000028f2                __vector_24
                0x0000000000002b02                TWI_init
                0x0000000000002b3a                TWI_set_sl_addr
                0x0000000000002b4e                TWI_get_sl_addr
                0x0000000000002b56                TWI_gen_call
                0x0000000000002b6e                TWI_stop
                0x0000000000002b8a                TWI_ms_tx
                0x0000000000002bc0                TWI_ms_rx
                0x0000000000002bfc                TWI_sl_tx
                0x0000000000002c18                TWI_sl_rx
 .text          0x0000000000002c3c       0xa8 /home/yog/TRoll/projects/nanoK/libnanoK.a(sleep.o)
                0x0000000000002c3c                SLP_init
                0x0000000000002c60                SLP_register
                0x0000000000002c90                SLP_request
                0x0000000000002cce                SLP_unrequest
 .text          0x0000000000002ce4       0xfc /home/yog/TRoll/projects/nanoK/libnanoK.a(eeprom.o)
                0x0000000000002ce4                __vector_22
                0x0000000000002d50                EEP_init
                0x0000000000002d60                EEP_read
                0x0000000000002d8e                EEP_write
                0x0000000000002dce                EEP_is_fini
 .text          0x0000000000002de0      0x18e /home/yog/TRoll/projects/nanoK/libnanoK.a(fifo.o)
                0x0000000000002de0                FIFO_init
                0x0000000000002dfc                FIFO_put
                0x0000000000002e72                FIFO_get
                0x0000000000002ee4                FIFO_unget
                0x0000000000002f54                FIFO_free
                0x0000000000002f66                FIFO_full
 .text          0x0000000000002f6e       0xc2 /home/yog/TRoll/projects/nanoK/libnanoK.a(time.o)
                0x0000000000002f6e                TIME_init
                0x0000000000002f98                TIME_set_incr
                0x0000000000002faa                TIME_get_incr
                0x0000000000002fb8                TIME_incr
                0x0000000000002fe6                TIME_get
                0x0000000000002ff4                TIME_get_precise
 .text          0x0000000000003030       0x80 /home/yog/TRoll/projects/nanoK/libnanoK.a(state_machine.o)
                0x0000000000003030                STM_init
                0x0000000000003048                STM_run
                0x0000000000003060                STM_event
 .text          0x00000000000030b0       0xee /home/yog/TRoll/projects/nanoK/libnanoK.a(adxl345.o)
                0x00000000000030b0                ADXL_init
                0x000000000000310c                ADXL_range_set
                0x000000000000313c                ADXL_get
 .text          0x000000000000319e      0x2c0 /home/yog/TRoll/projects/nanoK/libnanoK.a(spi.o)
                0x00000000000031a6                __vector_17
                0x0000000000003294                SPI_set_clock
                0x00000000000032e6                SPI_init
                0x000000000000338c                SPI_call_back_set
                0x000000000000339e                SPI_master
                0x00000000000033da                SPI_master_blocking
                0x000000000000342a                SPI_slave
 .text          0x000000000000345e        0x0 /usr/lib/gcc/avr/4.7.0/avr5/libgcc.a(_umulhisi3.o)
 .text          0x000000000000345e        0x0 /usr/lib/gcc/avr/4.7.0/avr5/libgcc.a(_muluhisi3.o)
 .text          0x000000000000345e        0x0 /usr/lib/gcc/avr/4.7.0/avr5/libgcc.a(_divmodhi4.o)
 .text          0x000000000000345e        0x0 /usr/lib/gcc/avr/4.7.0/avr5/libgcc.a(_udivmodsi4.o)
 .text          0x000000000000345e        0x0 /usr/lib/gcc/avr/4.7.0/avr5/libgcc.a(_prologue.o)
 .text          0x000000000000345e        0x0 /usr/lib/gcc/avr/4.7.0/avr5/libgcc.a(_epilogue.o)
 .text          0x000000000000345e        0x0 /usr/lib/gcc/avr/4.7.0/avr5/libgcc.a(_exit.o)
 .text          0x000000000000345e        0x0 /usr/lib/gcc/avr/4.7.0/avr5/libgcc.a(_tablejump.o)
 .text          0x000000000000345e        0x0 /usr/lib/gcc/avr/4.7.0/avr5/libgcc.a(_copy_data.o)
 .text          0x000000000000345e        0x0 /usr/lib/gcc/avr/4.7.0/avr5/libgcc.a(_clear_bss.o)
 .text          0x000000000000345e        0x0 /usr/lib/gcc/avr/4.7.0/avr5/libgcc.a(_ashldi3.o)
 .text          0x000000000000345e        0x0 /usr/lib/gcc/avr/4.7.0/avr5/libgcc.a(_cmpdi2_s8.o)
 .text          0x000000000000345e        0x0 /usr/lib/gcc/avr/4.7.0/avr5/libgcc.a(_udivmodhi4.o)
 .text          0x000000000000345e        0x0 /usr/lib/gcc/avr/4.7.0/../../../avr/lib/avr5/libc.a(memcpy_P.o)
 .text          0x000000000000345e        0x0 /usr/lib/gcc/avr/4.7.0/../../../avr/lib/avr5/libc.a(memcpy.o)
                0x000000000000345e                . = ALIGN (0x2)
 *(.text.*)
 .text.startup  0x000000000000345e       0x68 main.o
                0x000000000000345e                main
 .text.libgcc.mul
                0x00000000000034c6       0x18 /usr/lib/gcc/avr/4.7.0/avr5/libgcc.a(_umulhisi3.o)
                0x00000000000034c6                __umulhisi3
 .text.libgcc.div
                0x00000000000034de        0x0 /usr/lib/gcc/avr/4.7.0/avr5/libgcc.a(_umulhisi3.o)
 .text.libgcc   0x00000000000034de        0x0 /usr/lib/gcc/avr/4.7.0/avr5/libgcc.a(_umulhisi3.o)
 .text.libgcc.prologue
                0x00000000000034de        0x0 /usr/lib/gcc/avr/4.7.0/avr5/libgcc.a(_umulhisi3.o)
 .text.libgcc.builtins
                0x00000000000034de        0x0 /usr/lib/gcc/avr/4.7.0/avr5/libgcc.a(_umulhisi3.o)
 .text.libgcc.fmul
                0x00000000000034de        0x0 /usr/lib/gcc/avr/4.7.0/avr5/libgcc.a(_umulhisi3.o)
 .text.libgcc.mul
                0x00000000000034de       0x16 /usr/lib/gcc/avr/4.7.0/avr5/libgcc.a(_muluhisi3.o)
                0x00000000000034de                __muluhisi3
 .text.libgcc.div
                0x00000000000034f4        0x0 /usr/lib/gcc/avr/4.7.0/avr5/libgcc.a(_muluhisi3.o)
 .text.libgcc   0x00000000000034f4        0x0 /usr/lib/gcc/avr/4.7.0/avr5/libgcc.a(_muluhisi3.o)
 .text.libgcc.prologue
                0x00000000000034f4        0x0 /usr/lib/gcc/avr/4.7.0/avr5/libgcc.a(_muluhisi3.o)
 .text.libgcc.builtins
                0x00000000000034f4        0x0 /usr/lib/gcc/avr/4.7.0/avr5/libgcc.a(_muluhisi3.o)
 .text.libgcc.fmul
                0x00000000000034f4        0x0 /usr/lib/gcc/avr/4.7.0/avr5/libgcc.a(_muluhisi3.o)
 .text.libgcc.mul
                0x00000000000034f4        0x0 /usr/lib/gcc/avr/4.7.0/avr5/libgcc.a(_divmodhi4.o)
 .text.libgcc.div
                0x00000000000034f4       0x28 /usr/lib/gcc/avr/4.7.0/avr5/libgcc.a(_divmodhi4.o)
                0x00000000000034f4                __divmodhi4
                0x00000000000034f4                _div
 .text.libgcc   0x000000000000351c        0x0 /usr/lib/gcc/avr/4.7.0/avr5/libgcc.a(_divmodhi4.o)
 .text.libgcc.prologue
                0x000000000000351c        0x0 /usr/lib/gcc/avr/4.7.0/avr5/libgcc.a(_divmodhi4.o)
 .text.libgcc.builtins
                0x000000000000351c        0x0 /usr/lib/gcc/avr/4.7.0/avr5/libgcc.a(_divmodhi4.o)
 .text.libgcc.fmul
                0x000000000000351c        0x0 /usr/lib/gcc/avr/4.7.0/avr5/libgcc.a(_divmodhi4.o)
 .text.libgcc.mul
                0x000000000000351c        0x0 /usr/lib/gcc/avr/4.7.0/avr5/libgcc.a(_udivmodsi4.o)
 .text.libgcc.div
                0x000000000000351c       0x44 /usr/lib/gcc/avr/4.7.0/avr5/libgcc.a(_udivmodsi4.o)
                0x000000000000351c                __udivmodsi4
 .text.libgcc   0x0000000000003560        0x0 /usr/lib/gcc/avr/4.7.0/avr5/libgcc.a(_udivmodsi4.o)
 .text.libgcc.prologue
                0x0000000000003560        0x0 /usr/lib/gcc/avr/4.7.0/avr5/libgcc.a(_udivmodsi4.o)
 .text.libgcc.builtins
                0x0000000000003560        0x0 /usr/lib/gcc/avr/4.7.0/avr5/libgcc.a(_udivmodsi4.o)
 .text.libgcc.fmul
                0x0000000000003560        0x0 /usr/lib/gcc/avr/4.7.0/avr5/libgcc.a(_udivmodsi4.o)
 .text.libgcc.mul
                0x0000000000003560        0x0 /usr/lib/gcc/avr/4.7.0/avr5/libgcc.a(_prologue.o)
 .text.libgcc.div
                0x0000000000003560        0x0 /usr/lib/gcc/avr/4.7.0/avr5/libgcc.a(_prologue.o)
 .text.libgcc   0x0000000000003560        0x0 /usr/lib/gcc/avr/4.7.0/avr5/libgcc.a(_prologue.o)
 .text.libgcc.prologue
                0x0000000000003560       0x38 /usr/lib/gcc/avr/4.7.0/avr5/libgcc.a(_prologue.o)
                0x0000000000003560                __prologue_saves__
 .text.libgcc.builtins
                0x0000000000003598        0x0 /usr/lib/gcc/avr/4.7.0/avr5/libgcc.a(_prologue.o)
 .text.libgcc.fmul
                0x0000000000003598        0x0 /usr/lib/gcc/avr/4.7.0/avr5/libgcc.a(_prologue.o)
 .text.libgcc.mul
                0x0000000000003598        0x0 /usr/lib/gcc/avr/4.7.0/avr5/libgcc.a(_epilogue.o)
 .text.libgcc.div
                0x0000000000003598        0x0 /usr/lib/gcc/avr/4.7.0/avr5/libgcc.a(_epilogue.o)
 .text.libgcc   0x0000000000003598        0x0 /usr/lib/gcc/avr/4.7.0/avr5/libgcc.a(_epilogue.o)
 .text.libgcc.prologue
                0x0000000000003598       0x36 /usr/lib/gcc/avr/4.7.0/avr5/libgcc.a(_epilogue.o)
                0x0000000000003598                __epilogue_restores__
 .text.libgcc.builtins
                0x00000000000035ce        0x0 /usr/lib/gcc/avr/4.7.0/avr5/libgcc.a(_epilogue.o)
 .text.libgcc.fmul
                0x00000000000035ce        0x0 /usr/lib/gcc/avr/4.7.0/avr5/libgcc.a(_epilogue.o)
 .text.libgcc.mul
                0x00000000000035ce        0x0 /usr/lib/gcc/avr/4.7.0/avr5/libgcc.a(_exit.o)
 .text.libgcc.div
                0x00000000000035ce        0x0 /usr/lib/gcc/avr/4.7.0/avr5/libgcc.a(_exit.o)
 .text.libgcc   0x00000000000035ce        0x0 /usr/lib/gcc/avr/4.7.0/avr5/libgcc.a(_exit.o)
 .text.libgcc.prologue
                0x00000000000035ce        0x0 /usr/lib/gcc/avr/4.7.0/avr5/libgcc.a(_exit.o)
 .text.libgcc.builtins
                0x00000000000035ce        0x0 /usr/lib/gcc/avr/4.7.0/avr5/libgcc.a(_exit.o)
 .text.libgcc.fmul
                0x00000000000035ce        0x0 /usr/lib/gcc/avr/4.7.0/avr5/libgcc.a(_exit.o)
 .text.libgcc.mul
                0x00000000000035ce        0x0 /usr/lib/gcc/avr/4.7.0/avr5/libgcc.a(_tablejump.o)
 .text.libgcc.div
                0x00000000000035ce        0x0 /usr/lib/gcc/avr/4.7.0/avr5/libgcc.a(_tablejump.o)
 .text.libgcc   0x00000000000035ce        0xc /usr/lib/gcc/avr/4.7.0/avr5/libgcc.a(_tablejump.o)
                0x00000000000035ce                __tablejump2__
                0x00000000000035d2                __tablejump__
 .text.libgcc.prologue
                0x00000000000035da        0x0 /usr/lib/gcc/avr/4.7.0/avr5/libgcc.a(_tablejump.o)
 .text.libgcc.builtins
                0x00000000000035da        0x0 /usr/lib/gcc/avr/4.7.0/avr5/libgcc.a(_tablejump.o)
 .text.libgcc.fmul
                0x00000000000035da        0x0 /usr/lib/gcc/avr/4.7.0/avr5/libgcc.a(_tablejump.o)
 .text.libgcc.mul
                0x00000000000035da        0x0 /usr/lib/gcc/avr/4.7.0/avr5/libgcc.a(_copy_data.o)
 .text.libgcc.div
                0x00000000000035da        0x0 /usr/lib/gcc/avr/4.7.0/avr5/libgcc.a(_copy_data.o)
 .text.libgcc   0x00000000000035da        0x0 /usr/lib/gcc/avr/4.7.0/avr5/libgcc.a(_copy_data.o)
 .text.libgcc.prologue
                0x00000000000035da        0x0 /usr/lib/gcc/avr/4.7.0/avr5/libgcc.a(_copy_data.o)
 .text.libgcc.builtins
                0x00000000000035da        0x0 /usr/lib/gcc/avr/4.7.0/avr5/libgcc.a(_copy_data.o)
 .text.libgcc.fmul
                0x00000000000035da        0x0 /usr/lib/gcc/avr/4.7.0/avr5/libgcc.a(_copy_data.o)
 .text.libgcc.mul
                0x00000000000035da        0x0 /usr/lib/gcc/avr/4.7.0/avr5/libgcc.a(_clear_bss.o)
 .text.libgcc.div
                0x00000000000035da        0x0 /usr/lib/gcc/avr/4.7.0/avr5/libgcc.a(_clear_bss.o)
 .text.libgcc   0x00000000000035da        0x0 /usr/lib/gcc/avr/4.7.0/avr5/libgcc.a(_clear_bss.o)
 .text.libgcc.prologue
                0x00000000000035da        0x0 /usr/lib/gcc/avr/4.7.0/avr5/libgcc.a(_clear_bss.o)
 .text.libgcc.builtins
                0x00000000000035da        0x0 /usr/lib/gcc/avr/4.7.0/avr5/libgcc.a(_clear_bss.o)
 .text.libgcc.fmul
                0x00000000000035da        0x0 /usr/lib/gcc/avr/4.7.0/avr5/libgcc.a(_clear_bss.o)
 .text.libgcc.mul
                0x00000000000035da        0x0 /usr/lib/gcc/avr/4.7.0/avr5/libgcc.a(_ashldi3.o)
 .text.libgcc.div
                0x00000000000035da        0x0 /usr/lib/gcc/avr/4.7.0/avr5/libgcc.a(_ashldi3.o)
 .text.libgcc   0x00000000000035da        0x0 /usr/lib/gcc/avr/4.7.0/avr5/libgcc.a(_ashldi3.o)
 .text.libgcc.prologue
                0x00000000000035da        0x0 /usr/lib/gcc/avr/4.7.0/avr5/libgcc.a(_ashldi3.o)
 .text.libgcc.builtins
                0x00000000000035da       0x1e /usr/lib/gcc/avr/4.7.0/avr5/libgcc.a(_ashldi3.o)
                0x00000000000035da                __ashldi3
 .text.libgcc.fmul
                0x00000000000035f8        0x0 /usr/lib/gcc/avr/4.7.0/avr5/libgcc.a(_ashldi3.o)
 .text.libgcc.mul
                0x00000000000035f8        0x0 /usr/lib/gcc/avr/4.7.0/avr5/libgcc.a(_cmpdi2_s8.o)
 .text.libgcc.div
                0x00000000000035f8        0x0 /usr/lib/gcc/avr/4.7.0/avr5/libgcc.a(_cmpdi2_s8.o)
 .text.libgcc   0x00000000000035f8       0x18 /usr/lib/gcc/avr/4.7.0/avr5/libgcc.a(_cmpdi2_s8.o)
                0x00000000000035f8                __cmpdi2_s8
 .text.libgcc.prologue
                0x0000000000003610        0x0 /usr/lib/gcc/avr/4.7.0/avr5/libgcc.a(_cmpdi2_s8.o)
 .text.libgcc.builtins
                0x0000000000003610        0x0 /usr/lib/gcc/avr/4.7.0/avr5/libgcc.a(_cmpdi2_s8.o)
 .text.libgcc.fmul
                0x0000000000003610        0x0 /usr/lib/gcc/avr/4.7.0/avr5/libgcc.a(_cmpdi2_s8.o)
 .text.libgcc.mul
                0x0000000000003610        0x0 /usr/lib/gcc/avr/4.7.0/avr5/libgcc.a(_udivmodhi4.o)
 .text.libgcc.div
                0x0000000000003610       0x28 /usr/lib/gcc/avr/4.7.0/avr5/libgcc.a(_udivmodhi4.o)
                0x0000000000003610                __udivmodhi4
 .text.libgcc   0x0000000000003638        0x0 /usr/lib/gcc/avr/4.7.0/avr5/libgcc.a(_udivmodhi4.o)
 .text.libgcc.prologue
                0x0000000000003638        0x0 /usr/lib/gcc/avr/4.7.0/avr5/libgcc.a(_udivmodhi4.o)
 .text.libgcc.builtins
                0x0000000000003638        0x0 /usr/lib/gcc/avr/4.7.0/avr5/libgcc.a(_udivmodhi4.o)
 .text.libgcc.fmul
                0x0000000000003638        0x0 /usr/lib/gcc/avr/4.7.0/avr5/libgcc.a(_udivmodhi4.o)
 .text.avr-libc
                0x0000000000003638       0x12 /usr/lib/gcc/avr/4.7.0/../../../avr/lib/avr5/libc.a(memcpy_P.o)
                0x0000000000003638                memcpy_P
 .text.avr-libc
                0x000000000000364a       0x12 /usr/lib/gcc/avr/4.7.0/../../../avr/lib/avr5/libc.a(memcpy.o)
                0x000000000000364a                memcpy
                0x000000000000365c                . = ALIGN (0x2)
 *(.fini9)
 .fini9         0x000000000000365c        0x0 /usr/lib/gcc/avr/4.7.0/avr5/libgcc.a(_exit.o)
                0x000000000000365c                exit
                0x000000000000365c                _exit
 *(.fini9)
 *(.fini8)
 *(.fini8)
 *(.fini7)
 *(.fini7)
 *(.fini6)
 *(.fini6)
 *(.fini5)
 *(.fini5)
 *(.fini4)
 *(.fini4)
 *(.fini3)
 *(.fini3)
 *(.fini2)
 *(.fini2)
 *(.fini1)
 *(.fini1)
 *(.fini0)
 .fini0         0x000000000000365c        0x4 /usr/lib/gcc/avr/4.7.0/avr5/libgcc.a(_exit.o)
 *(.fini0)
                0x0000000000003660                _etext = .

.data           0x0000000000800100       0x84 load address 0x0000000000003660
                0x0000000000800100                PROVIDE (__data_start, .)
 *(.data)
 .data          0x0000000000800100        0x0 /usr/lib/gcc/avr/4.7.0/../../../avr/lib/avr5/crtm328p.o
 .data          0x0000000000800100        0x0 main.o
 .data          0x0000000000800100       0x83 minut.o
 .data          0x0000000000800183        0x0 servo.o
 .data          0x0000000000800183        0x0 acq.o
 .data          0x0000000000800183        0x0 /home/yog/TRoll/projects/scalp/libscalp.a(fr_cmdes.o)
 .data          0x0000000000800183        0x0 /home/yog/TRoll/projects/scalp/libscalp.a(basic.o)
 .data          0x0000000000800183        0x0 /home/yog/TRoll/projects/scalp/libscalp.a(common.o)
 .data          0x0000000000800183        0x0 /home/yog/TRoll/projects/scalp/libscalp.a(dispatcher.o)
 .data          0x0000000000800183        0x0 /home/yog/TRoll/projects/scalp/libscalp.a(routing_tables.o)
 .data          0x0000000000800183        0x0 /home/yog/TRoll/projects/scalp/libscalp.a(cpu.o)
 .data          0x0000000000800183        0x0 /home/yog/TRoll/projects/nanoK/libnanoK.a(timer0.o)
 .data          0x0000000000800183        0x0 /home/yog/TRoll/projects/nanoK/libnanoK.a(timer2.o)
 .data          0x0000000000800183        0x0 /home/yog/TRoll/projects/nanoK/libnanoK.a(twi.o)
 .data          0x0000000000800183        0x0 /home/yog/TRoll/projects/nanoK/libnanoK.a(sleep.o)
 .data          0x0000000000800183        0x0 /home/yog/TRoll/projects/nanoK/libnanoK.a(eeprom.o)
 .data          0x0000000000800183        0x0 /home/yog/TRoll/projects/nanoK/libnanoK.a(fifo.o)
 .data          0x0000000000800183        0x0 /home/yog/TRoll/projects/nanoK/libnanoK.a(time.o)
 .data          0x0000000000800183        0x0 /home/yog/TRoll/projects/nanoK/libnanoK.a(state_machine.o)
 .data          0x0000000000800183        0x0 /home/yog/TRoll/projects/nanoK/libnanoK.a(adxl345.o)
 .data          0x0000000000800183        0x0 /home/yog/TRoll/projects/nanoK/libnanoK.a(spi.o)
 .data          0x0000000000800183        0x0 /usr/lib/gcc/avr/4.7.0/avr5/libgcc.a(_umulhisi3.o)
 .data          0x0000000000800183        0x0 /usr/lib/gcc/avr/4.7.0/avr5/libgcc.a(_muluhisi3.o)
 .data          0x0000000000800183        0x0 /usr/lib/gcc/avr/4.7.0/avr5/libgcc.a(_divmodhi4.o)
 .data          0x0000000000800183        0x0 /usr/lib/gcc/avr/4.7.0/avr5/libgcc.a(_udivmodsi4.o)
 .data          0x0000000000800183        0x0 /usr/lib/gcc/avr/4.7.0/avr5/libgcc.a(_prologue.o)
 .data          0x0000000000800183        0x0 /usr/lib/gcc/avr/4.7.0/avr5/libgcc.a(_epilogue.o)
 .data          0x0000000000800183        0x0 /usr/lib/gcc/avr/4.7.0/avr5/libgcc.a(_exit.o)
 .data          0x0000000000800183        0x0 /usr/lib/gcc/avr/4.7.0/avr5/libgcc.a(_tablejump.o)
 .data          0x0000000000800183        0x0 /usr/lib/gcc/avr/4.7.0/avr5/libgcc.a(_copy_data.o)
 .data          0x0000000000800183        0x0 /usr/lib/gcc/avr/4.7.0/avr5/libgcc.a(_clear_bss.o)
 .data          0x0000000000800183        0x0 /usr/lib/gcc/avr/4.7.0/avr5/libgcc.a(_ashldi3.o)
 .data          0x0000000000800183        0x0 /usr/lib/gcc/avr/4.7.0/avr5/libgcc.a(_cmpdi2_s8.o)
 .data          0x0000000000800183        0x0 /usr/lib/gcc/avr/4.7.0/avr5/libgcc.a(_udivmodhi4.o)
 .data          0x0000000000800183        0x0 /usr/lib/gcc/avr/4.7.0/../../../avr/lib/avr5/libc.a(memcpy_P.o)
 .data          0x0000000000800183        0x0 /usr/lib/gcc/avr/4.7.0/../../../avr/lib/avr5/libc.a(memcpy.o)
 *(.data*)
 *(.rodata)
 *(.rodata*)
 *(.gnu.linkonce.d*)
                0x0000000000800184                . = ALIGN (0x2)
 *fill*         0x0000000000800183        0x1 00
                0x0000000000800184                _edata = .
                0x0000000000800184                PROVIDE (__data_end, .)

.bss            0x0000000000800184      0x471
                0x0000000000800184                PROVIDE (__bss_start, .)
 *(.bss)
 .bss           0x0000000000800184        0x0 /usr/lib/gcc/avr/4.7.0/../../../avr/lib/avr5/crtm328p.o
 .bss           0x0000000000800184        0x0 main.o
 .bss           0x0000000000800184        0x0 minut.o
 .bss           0x0000000000800184        0x0 servo.o
 .bss           0x0000000000800184        0x0 acq.o
 .bss           0x0000000000800184        0x0 /home/yog/TRoll/projects/scalp/libscalp.a(fr_cmdes.o)
 .bss           0x0000000000800184       0xcd /home/yog/TRoll/projects/scalp/libscalp.a(basic.o)
 .bss           0x0000000000800251       0x6e /home/yog/TRoll/projects/scalp/libscalp.a(common.o)
 .bss           0x00000000008002bf       0xf6 /home/yog/TRoll/projects/scalp/libscalp.a(dispatcher.o)
 .bss           0x00000000008003b5       0x5a /home/yog/TRoll/projects/scalp/libscalp.a(routing_tables.o)
 .bss           0x000000000080040f       0x46 /home/yog/TRoll/projects/scalp/libscalp.a(cpu.o)
 .bss           0x0000000000800455        0x5 /home/yog/TRoll/projects/nanoK/libnanoK.a(timer0.o)
 .bss           0x000000000080045a        0x5 /home/yog/TRoll/projects/nanoK/libnanoK.a(timer2.o)
 .bss           0x000000000080045f        0xd /home/yog/TRoll/projects/nanoK/libnanoK.a(twi.o)
 .bss           0x000000000080046c        0x7 /home/yog/TRoll/projects/nanoK/libnanoK.a(sleep.o)
 .bss           0x0000000000800473        0x6 /home/yog/TRoll/projects/nanoK/libnanoK.a(eeprom.o)
 .bss           0x0000000000800479        0x0 /home/yog/TRoll/projects/nanoK/libnanoK.a(fifo.o)
 .bss           0x0000000000800479        0xa /home/yog/TRoll/projects/nanoK/libnanoK.a(time.o)
 .bss           0x0000000000800483        0x0 /home/yog/TRoll/projects/nanoK/libnanoK.a(state_machine.o)
 .bss           0x0000000000800483        0x0 /home/yog/TRoll/projects/nanoK/libnanoK.a(adxl345.o)
 .bss           0x0000000000800483       0x12 /home/yog/TRoll/projects/nanoK/libnanoK.a(spi.o)
 .bss           0x0000000000800495        0x0 /usr/lib/gcc/avr/4.7.0/avr5/libgcc.a(_umulhisi3.o)
 .bss           0x0000000000800495        0x0 /usr/lib/gcc/avr/4.7.0/avr5/libgcc.a(_muluhisi3.o)
 .bss           0x0000000000800495        0x0 /usr/lib/gcc/avr/4.7.0/avr5/libgcc.a(_divmodhi4.o)
 .bss           0x0000000000800495        0x0 /usr/lib/gcc/avr/4.7.0/avr5/libgcc.a(_udivmodsi4.o)
 .bss           0x0000000000800495        0x0 /usr/lib/gcc/avr/4.7.0/avr5/libgcc.a(_prologue.o)
 .bss           0x0000000000800495        0x0 /usr/lib/gcc/avr/4.7.0/avr5/libgcc.a(_epilogue.o)
 .bss           0x0000000000800495        0x0 /usr/lib/gcc/avr/4.7.0/avr5/libgcc.a(_exit.o)
 .bss           0x0000000000800495        0x0 /usr/lib/gcc/avr/4.7.0/avr5/libgcc.a(_tablejump.o)
 .bss           0x0000000000800495        0x0 /usr/lib/gcc/avr/4.7.0/avr5/libgcc.a(_copy_data.o)
 .bss           0x0000000000800495        0x0 /usr/lib/gcc/avr/4.7.0/avr5/libgcc.a(_clear_bss.o)
 .bss           0x0000000000800495        0x0 /usr/lib/gcc/avr/4.7.0/avr5/libgcc.a(_ashldi3.o)
 .bss           0x0000000000800495        0x0 /usr/lib/gcc/avr/4.7.0/avr5/libgcc.a(_cmpdi2_s8.o)
 .bss           0x0000000000800495        0x0 /usr/lib/gcc/avr/4.7.0/avr5/libgcc.a(_udivmodhi4.o)
 .bss           0x0000000000800495        0x0 /usr/lib/gcc/avr/4.7.0/../../../avr/lib/avr5/libc.a(memcpy_P.o)
 .bss           0x0000000000800495        0x0 /usr/lib/gcc/avr/4.7.0/../../../avr/lib/avr5/libc.a(memcpy.o)
 *(.bss*)
 *(COMMON)
 COMMON         0x0000000000800495       0xbd minut.o
                0x0000000000800495                MNT
 COMMON         0x0000000000800552       0x83 servo.o
                0x0000000000800552                SERVO
 COMMON         0x00000000008005d5       0x20 acq.o
                0x00000000008005d5                ACQ
                0x00000000008005f5                PROVIDE (__bss_end, .)
                0x0000000000003660                __data_load_start = LOADADDR (.data)
                0x00000000000036e4                __data_load_end = (__data_load_start + SIZEOF (.data))

.noinit         0x00000000008005f5        0x0
                0x00000000008005f5                PROVIDE (__noinit_start, .)
 *(.noinit*)
                0x00000000008005f5                PROVIDE (__noinit_end, .)
                0x00000000008005f5                _end = .
                0x00000000008005f5                PROVIDE (__heap_start, .)

.eeprom         0x0000000000810000        0x0
 *(.eeprom*)
                0x0000000000810000                __eeprom_end = .

.fuse
 *(.fuse)
 *(.lfuse)
 *(.hfuse)
 *(.efuse)

.lock
 *(.lock*)

.signature
 *(.signature*)

.stab           0x0000000000000000     0x8c64
 *(.stab)
 .stab          0x0000000000000000      0x6cc /usr/lib/gcc/avr/4.7.0/../../../avr/lib/avr5/crtm328p.o
 .stab          0x00000000000006cc      0x738 main.o
                                        0x744 (size before relaxing)
 .stab          0x0000000000000e04     0x10d4 minut.o
                                       0x13a4 (size before relaxing)
 .stab          0x0000000000001ed8      0x6c0 servo.o
                                        0x984 (size before relaxing)
 .stab          0x0000000000002598      0x3e4 acq.o
                                        0x6a8 (size before relaxing)
 .stab          0x000000000000297c      0x678 /home/yog/TRoll/projects/scalp/libscalp.a(fr_cmdes.o)
                                        0x8ac (size before relaxing)
 .stab          0x0000000000002ff4      0x828 /home/yog/TRoll/projects/scalp/libscalp.a(basic.o)
                                        0xb10 (size before relaxing)
 .stab          0x000000000000381c      0x7b0 /home/yog/TRoll/projects/scalp/libscalp.a(common.o)
                                        0xab0 (size before relaxing)
 .stab          0x0000000000003fcc      0xb40 /home/yog/TRoll/projects/scalp/libscalp.a(dispatcher.o)
                                        0xe1c (size before relaxing)
 .stab          0x0000000000004b0c      0x54c /home/yog/TRoll/projects/scalp/libscalp.a(routing_tables.o)
                                        0x7ec (size before relaxing)
 .stab          0x0000000000005058      0x4d4 /home/yog/TRoll/projects/scalp/libscalp.a(cpu.o)
                                        0x774 (size before relaxing)
 .stab          0x000000000000552c      0x498 /home/yog/TRoll/projects/nanoK/libnanoK.a(timer0.o)
                                        0x738 (size before relaxing)
 .stab          0x00000000000059c4      0x4bc /home/yog/TRoll/projects/nanoK/libnanoK.a(timer2.o)
                                        0x744 (size before relaxing)
 .stab          0x0000000000005e80      0xaf8 /home/yog/TRoll/projects/nanoK/libnanoK.a(twi.o)
                                        0xd68 (size before relaxing)
 .stab          0x0000000000006978      0x33c /home/yog/TRoll/projects/nanoK/libnanoK.a(sleep.o)
                                        0x57c (size before relaxing)
 .stab          0x0000000000006cb4      0x498 /home/yog/TRoll/projects/nanoK/libnanoK.a(eeprom.o)
                                        0x6d8 (size before relaxing)
 .stab          0x000000000000714c      0x5c4 /home/yog/TRoll/projects/nanoK/libnanoK.a(fifo.o)
                                        0x834 (size before relaxing)
 .stab          0x0000000000007710      0x378 /home/yog/TRoll/projects/nanoK/libnanoK.a(time.o)
                                        0x57c (size before relaxing)
 .stab          0x0000000000007a88      0x3e4 /home/yog/TRoll/projects/nanoK/libnanoK.a(state_machine.o)
                                        0x624 (size before relaxing)
 .stab          0x0000000000007e6c      0x444 /home/yog/TRoll/projects/nanoK/libnanoK.a(adxl345.o)
                                        0x690 (size before relaxing)
 .stab          0x00000000000082b0      0x8ac /home/yog/TRoll/projects/nanoK/libnanoK.a(spi.o)
                                        0xb58 (size before relaxing)
 .stab          0x0000000000008b5c       0x84 /usr/lib/gcc/avr/4.7.0/../../../avr/lib/avr5/libc.a(memcpy_P.o)
                                         0x90 (size before relaxing)
 .stab          0x0000000000008be0       0x84 /usr/lib/gcc/avr/4.7.0/../../../avr/lib/avr5/libc.a(memcpy.o)
                                         0x90 (size before relaxing)

.stabstr        0x0000000000000000     0x44d8
 *(.stabstr)
 .stabstr       0x0000000000000000     0x44d8 /usr/lib/gcc/avr/4.7.0/../../../avr/lib/avr5/crtm328p.o

.stab.excl
 *(.stab.excl)

.stab.exclstr
 *(.stab.exclstr)

.stab.index
 *(.stab.index)

.stab.indexstr
 *(.stab.indexstr)

.comment        0x0000000000000000       0x11
 *(.comment)
 .comment       0x0000000000000000       0x11 main.o
                                         0x12 (size before relaxing)
 .comment       0x0000000000000000       0x12 minut.o
 .comment       0x0000000000000000       0x12 servo.o
 .comment       0x0000000000000000       0x12 acq.o
 .comment       0x0000000000000000       0x12 /home/yog/TRoll/projects/scalp/libscalp.a(fr_cmdes.o)
 .comment       0x0000000000000000       0x12 /home/yog/TRoll/projects/scalp/libscalp.a(basic.o)
 .comment       0x0000000000000000       0x12 /home/yog/TRoll/projects/scalp/libscalp.a(common.o)
 .comment       0x0000000000000000       0x12 /home/yog/TRoll/projects/scalp/libscalp.a(dispatcher.o)
 .comment       0x0000000000000000       0x12 /home/yog/TRoll/projects/scalp/libscalp.a(routing_tables.o)
 .comment       0x0000000000000000       0x12 /home/yog/TRoll/projects/scalp/libscalp.a(cpu.o)
 .comment       0x0000000000000000       0x12 /home/yog/TRoll/projects/nanoK/libnanoK.a(timer0.o)
 .comment       0x0000000000000000       0x12 /home/yog/TRoll/projects/nanoK/libnanoK.a(timer2.o)
 .comment       0x0000000000000000       0x12 /home/yog/TRoll/projects/nanoK/libnanoK.a(twi.o)
 .comment       0x0000000000000000       0x12 /home/yog/TRoll/projects/nanoK/libnanoK.a(sleep.o)
 .comment       0x0000000000000000       0x12 /home/yog/TRoll/projects/nanoK/libnanoK.a(eeprom.o)
 .comment       0x0000000000000000       0x12 /home/yog/TRoll/projects/nanoK/libnanoK.a(fifo.o)
 .comment       0x0000000000000000       0x12 /home/yog/TRoll/projects/nanoK/libnanoK.a(time.o)
 .comment       0x0000000000000000       0x12 /home/yog/TRoll/projects/nanoK/libnanoK.a(state_machine.o)
 .comment       0x0000000000000000       0x12 /home/yog/TRoll/projects/nanoK/libnanoK.a(adxl345.o)
 .comment       0x0000000000000000       0x12 /home/yog/TRoll/projects/nanoK/libnanoK.a(spi.o)

.debug
 *(.debug)

.line
 *(.line)

.debug_srcinfo
 *(.debug_srcinfo)

.debug_sfnames
 *(.debug_sfnames)

.debug_aranges
 *(.debug_aranges)

.debug_pubnames
 *(.debug_pubnames)

.debug_info
 *(.debug_info)
 *(.gnu.linkonce.wi.*)

.debug_abbrev
 *(.debug_abbrev)

.debug_line
 *(.debug_line)

.debug_frame
 *(.debug_frame)

.debug_str
 *(.debug_str)

.debug_loc
 *(.debug_loc)

.debug_macinfo
 *(.debug_macinfo)
OUTPUT(minut.elf elf32-avr)
LOAD linker stubs

Cross Reference Table

Symbol                                            File
ACQ                                               acq.o
ACQ_init                                          acq.o
                                                  main.o
ACQ_run                                           acq.o
                                                  main.o
ADXL_get                                          /home/yog/TRoll/projects/nanoK/libnanoK.a(adxl345.o)
                                                  acq.o
ADXL_init                                         /home/yog/TRoll/projects/nanoK/libnanoK.a(adxl345.o)
                                                  acq.o
ADXL_range_set                                    /home/yog/TRoll/projects/nanoK/libnanoK.a(adxl345.o)
                                                  acq.o
BSC_frame_handling                                /home/yog/TRoll/projects/scalp/libscalp.a(basic.o)
BSC_in                                            /home/yog/TRoll/projects/scalp/libscalp.a(basic.o)
BSC_init                                          /home/yog/TRoll/projects/scalp/libscalp.a(basic.o)
                                                  main.o
BSC_out                                           /home/yog/TRoll/projects/scalp/libscalp.a(basic.o)
BSC_run                                           /home/yog/TRoll/projects/scalp/libscalp.a(basic.o)
                                                  main.o
CMN_init                                          /home/yog/TRoll/projects/scalp/libscalp.a(common.o)
                                                  main.o
CMN_run                                           /home/yog/TRoll/projects/scalp/libscalp.a(common.o)
                                                  main.o
CPU_init                                          /home/yog/TRoll/projects/scalp/libscalp.a(cpu.o)
                                                  main.o
CPU_run                                           /home/yog/TRoll/projects/scalp/libscalp.a(cpu.o)
                                                  main.o
DPT_gen_call                                      /home/yog/TRoll/projects/scalp/libscalp.a(dispatcher.o)
DPT_init                                          /home/yog/TRoll/projects/scalp/libscalp.a(dispatcher.o)
                                                  main.o
DPT_lock                                          /home/yog/TRoll/projects/scalp/libscalp.a(dispatcher.o)
                                                  /home/yog/TRoll/projects/scalp/libscalp.a(cpu.o)
                                                  /home/yog/TRoll/projects/scalp/libscalp.a(basic.o)
                                                  acq.o
                                                  servo.o
                                                  minut.o
DPT_register                                      /home/yog/TRoll/projects/scalp/libscalp.a(dispatcher.o)
                                                  /home/yog/TRoll/projects/scalp/libscalp.a(cpu.o)
                                                  /home/yog/TRoll/projects/scalp/libscalp.a(routing_tables.o)
                                                  /home/yog/TRoll/projects/scalp/libscalp.a(common.o)
                                                  /home/yog/TRoll/projects/scalp/libscalp.a(basic.o)
                                                  acq.o
                                                  servo.o
                                                  minut.o
DPT_run                                           /home/yog/TRoll/projects/scalp/libscalp.a(dispatcher.o)
                                                  main.o
DPT_set_sl_addr                                   /home/yog/TRoll/projects/scalp/libscalp.a(dispatcher.o)
DPT_tx                                            /home/yog/TRoll/projects/scalp/libscalp.a(dispatcher.o)
                                                  /home/yog/TRoll/projects/scalp/libscalp.a(cpu.o)
                                                  /home/yog/TRoll/projects/scalp/libscalp.a(routing_tables.o)
                                                  /home/yog/TRoll/projects/scalp/libscalp.a(common.o)
                                                  /home/yog/TRoll/projects/scalp/libscalp.a(basic.o)
                                                  acq.o
                                                  servo.o
                                                  minut.o
DPT_unlock                                        /home/yog/TRoll/projects/scalp/libscalp.a(dispatcher.o)
                                                  /home/yog/TRoll/projects/scalp/libscalp.a(cpu.o)
                                                  /home/yog/TRoll/projects/scalp/libscalp.a(routing_tables.o)
                                                  /home/yog/TRoll/projects/scalp/libscalp.a(common.o)
                                                  /home/yog/TRoll/projects/scalp/libscalp.a(basic.o)
                                                  acq.o
                                                  servo.o
                                                  minut.o
EEP_init                                          /home/yog/TRoll/projects/nanoK/libnanoK.a(eeprom.o)
                                                  /home/yog/TRoll/projects/scalp/libscalp.a(basic.o)
EEP_is_fini                                       /home/yog/TRoll/projects/nanoK/libnanoK.a(eeprom.o)
                                                  /home/yog/TRoll/projects/scalp/libscalp.a(basic.o)
EEP_read                                          /home/yog/TRoll/projects/nanoK/libnanoK.a(eeprom.o)
                                                  /home/yog/TRoll/projects/scalp/libscalp.a(basic.o)
EEP_write                                         /home/yog/TRoll/projects/nanoK/libnanoK.a(eeprom.o)
                                                  /home/yog/TRoll/projects/scalp/libscalp.a(basic.o)
FIFO_free                                         /home/yog/TRoll/projects/nanoK/libnanoK.a(fifo.o)
FIFO_full                                         /home/yog/TRoll/projects/nanoK/libnanoK.a(fifo.o)
                                                  /home/yog/TRoll/projects/scalp/libscalp.a(routing_tables.o)
                                                  /home/yog/TRoll/projects/scalp/libscalp.a(common.o)
                                                  /home/yog/TRoll/projects/scalp/libscalp.a(basic.o)
FIFO_get                                          /home/yog/TRoll/projects/nanoK/libnanoK.a(fifo.o)
                                                  /home/yog/TRoll/projects/scalp/libscalp.a(cpu.o)
                                                  /home/yog/TRoll/projects/scalp/libscalp.a(routing_tables.o)
                                                  /home/yog/TRoll/projects/scalp/libscalp.a(dispatcher.o)
                                                  /home/yog/TRoll/projects/scalp/libscalp.a(common.o)
                                                  /home/yog/TRoll/projects/scalp/libscalp.a(basic.o)
                                                  servo.o
                                                  minut.o
FIFO_init                                         /home/yog/TRoll/projects/nanoK/libnanoK.a(fifo.o)
                                                  /home/yog/TRoll/projects/scalp/libscalp.a(cpu.o)
                                                  /home/yog/TRoll/projects/scalp/libscalp.a(routing_tables.o)
                                                  /home/yog/TRoll/projects/scalp/libscalp.a(dispatcher.o)
                                                  /home/yog/TRoll/projects/scalp/libscalp.a(common.o)
                                                  /home/yog/TRoll/projects/scalp/libscalp.a(basic.o)
                                                  servo.o
                                                  minut.o
FIFO_put                                          /home/yog/TRoll/projects/nanoK/libnanoK.a(fifo.o)
                                                  /home/yog/TRoll/projects/scalp/libscalp.a(dispatcher.o)
                                                  /home/yog/TRoll/projects/scalp/libscalp.a(common.o)
                                                  /home/yog/TRoll/projects/scalp/libscalp.a(basic.o)
                                                  servo.o
                                                  minut.o
FIFO_unget                                        /home/yog/TRoll/projects/nanoK/libnanoK.a(fifo.o)
                                                  /home/yog/TRoll/projects/scalp/libscalp.a(common.o)
                                                  /home/yog/TRoll/projects/scalp/libscalp.a(basic.o)
MNT                                               minut.o
MNT_init                                          minut.o
                                                  main.o
MNT_run                                           minut.o
                                                  main.o
ROUT_init                                         /home/yog/TRoll/projects/scalp/libscalp.a(routing_tables.o)
ROUT_route                                        /home/yog/TRoll/projects/scalp/libscalp.a(routing_tables.o)
                                                  /home/yog/TRoll/projects/scalp/libscalp.a(dispatcher.o)
ROUT_run                                          /home/yog/TRoll/projects/scalp/libscalp.a(routing_tables.o)
SERVO                                             servo.o
SERVO_init                                        servo.o
                                                  main.o
SERVO_run                                         servo.o
                                                  main.o
SLP_init                                          /home/yog/TRoll/projects/nanoK/libnanoK.a(sleep.o)
SLP_register                                      /home/yog/TRoll/projects/nanoK/libnanoK.a(sleep.o)
                                                  /home/yog/TRoll/projects/scalp/libscalp.a(cpu.o)
SLP_request                                       /home/yog/TRoll/projects/nanoK/libnanoK.a(sleep.o)
                                                  /home/yog/TRoll/projects/scalp/libscalp.a(cpu.o)
SLP_unrequest                                     /home/yog/TRoll/projects/nanoK/libnanoK.a(sleep.o)
SPI_call_back_set                                 /home/yog/TRoll/projects/nanoK/libnanoK.a(spi.o)
SPI_init                                          /home/yog/TRoll/projects/nanoK/libnanoK.a(spi.o)
                                                  /home/yog/TRoll/projects/nanoK/libnanoK.a(adxl345.o)
SPI_master                                        /home/yog/TRoll/projects/nanoK/libnanoK.a(spi.o)
                                                  /home/yog/TRoll/projects/nanoK/libnanoK.a(adxl345.o)
SPI_master_blocking                               /home/yog/TRoll/projects/nanoK/libnanoK.a(spi.o)
                                                  /home/yog/TRoll/projects/nanoK/libnanoK.a(adxl345.o)
SPI_set_clock                                     /home/yog/TRoll/projects/nanoK/libnanoK.a(spi.o)
SPI_slave                                         /home/yog/TRoll/projects/nanoK/libnanoK.a(spi.o)
STM_event                                         /home/yog/TRoll/projects/nanoK/libnanoK.a(state_machine.o)
                                                  minut.o
STM_init                                          /home/yog/TRoll/projects/nanoK/libnanoK.a(state_machine.o)
                                                  minut.o
STM_run                                           /home/yog/TRoll/projects/nanoK/libnanoK.a(state_machine.o)
                                                  minut.o
TIME_get                                          /home/yog/TRoll/projects/nanoK/libnanoK.a(time.o)
                                                  /home/yog/TRoll/projects/scalp/libscalp.a(cpu.o)
                                                  /home/yog/TRoll/projects/scalp/libscalp.a(dispatcher.o)
                                                  /home/yog/TRoll/projects/scalp/libscalp.a(common.o)
                                                  /home/yog/TRoll/projects/scalp/libscalp.a(basic.o)
                                                  acq.o
                                                  minut.o
TIME_get_incr                                     /home/yog/TRoll/projects/nanoK/libnanoK.a(time.o)
                                                  main.o
TIME_get_precise                                  /home/yog/TRoll/projects/nanoK/libnanoK.a(time.o)
TIME_incr                                         /home/yog/TRoll/projects/nanoK/libnanoK.a(time.o)
                                                  main.o
TIME_init                                         /home/yog/TRoll/projects/nanoK/libnanoK.a(time.o)
                                                  main.o
TIME_set_incr                                     /home/yog/TRoll/projects/nanoK/libnanoK.a(time.o)
                                                  main.o
TMR0_get_value                                    /home/yog/TRoll/projects/nanoK/libnanoK.a(timer0.o)
TMR0_init                                         /home/yog/TRoll/projects/nanoK/libnanoK.a(timer0.o)
                                                  servo.o
TMR0_reset                                        /home/yog/TRoll/projects/nanoK/libnanoK.a(timer0.o)
TMR0_start                                        /home/yog/TRoll/projects/nanoK/libnanoK.a(timer0.o)
                                                  servo.o
TMR0_stop                                         /home/yog/TRoll/projects/nanoK/libnanoK.a(timer0.o)
                                                  servo.o
TMR2_get_value                                    /home/yog/TRoll/projects/nanoK/libnanoK.a(timer2.o)
                                                  main.o
TMR2_init                                         /home/yog/TRoll/projects/nanoK/libnanoK.a(timer2.o)
                                                  main.o
TMR2_reset                                        /home/yog/TRoll/projects/nanoK/libnanoK.a(timer2.o)
TMR2_start                                        /home/yog/TRoll/projects/nanoK/libnanoK.a(timer2.o)
                                                  main.o
TMR2_stop                                         /home/yog/TRoll/projects/nanoK/libnanoK.a(timer2.o)
TWI_gen_call                                      /home/yog/TRoll/projects/nanoK/libnanoK.a(twi.o)
                                                  /home/yog/TRoll/projects/scalp/libscalp.a(dispatcher.o)
TWI_get_sl_addr                                   /home/yog/TRoll/projects/nanoK/libnanoK.a(twi.o)
TWI_init                                          /home/yog/TRoll/projects/nanoK/libnanoK.a(twi.o)
                                                  /home/yog/TRoll/projects/scalp/libscalp.a(dispatcher.o)
TWI_ms_rx                                         /home/yog/TRoll/projects/nanoK/libnanoK.a(twi.o)
                                                  /home/yog/TRoll/projects/scalp/libscalp.a(dispatcher.o)
TWI_ms_tx                                         /home/yog/TRoll/projects/nanoK/libnanoK.a(twi.o)
                                                  /home/yog/TRoll/projects/scalp/libscalp.a(dispatcher.o)
TWI_set_sl_addr                                   /home/yog/TRoll/projects/nanoK/libnanoK.a(twi.o)
                                                  /home/yog/TRoll/projects/scalp/libscalp.a(dispatcher.o)
TWI_sl_rx                                         /home/yog/TRoll/projects/nanoK/libnanoK.a(twi.o)
                                                  /home/yog/TRoll/projects/scalp/libscalp.a(dispatcher.o)
TWI_sl_tx                                         /home/yog/TRoll/projects/nanoK/libnanoK.a(twi.o)
                                                  /home/yog/TRoll/projects/scalp/libscalp.a(dispatcher.o)
TWI_stop                                          /home/yog/TRoll/projects/nanoK/libnanoK.a(twi.o)
                                                  /home/yog/TRoll/projects/scalp/libscalp.a(dispatcher.o)
__ashldi3                                         /usr/lib/gcc/avr/4.7.0/avr5/libgcc.a(_ashldi3.o)
                                                  /home/yog/TRoll/projects/scalp/libscalp.a(dispatcher.o)
__bad_interrupt                                   /usr/lib/gcc/avr/4.7.0/../../../avr/lib/avr5/crtm328p.o
__bss_end                                         /usr/lib/gcc/avr/4.7.0/avr5/libgcc.a(_clear_bss.o)
__bss_start                                       /usr/lib/gcc/avr/4.7.0/avr5/libgcc.a(_clear_bss.o)
__cmpdi2_s8                                       /usr/lib/gcc/avr/4.7.0/avr5/libgcc.a(_cmpdi2_s8.o)
                                                  /home/yog/TRoll/projects/scalp/libscalp.a(dispatcher.o)
__data_end                                        /usr/lib/gcc/avr/4.7.0/avr5/libgcc.a(_copy_data.o)
__data_load_start                                 /usr/lib/gcc/avr/4.7.0/avr5/libgcc.a(_copy_data.o)
__data_start                                      /usr/lib/gcc/avr/4.7.0/avr5/libgcc.a(_copy_data.o)
__divmodhi4                                       /usr/lib/gcc/avr/4.7.0/avr5/libgcc.a(_divmodhi4.o)
                                                  /home/yog/TRoll/projects/scalp/libscalp.a(cpu.o)
                                                  servo.o
__do_clear_bss                                    /usr/lib/gcc/avr/4.7.0/avr5/libgcc.a(_clear_bss.o)
                                                  /home/yog/TRoll/projects/nanoK/libnanoK.a(spi.o)
                                                  /home/yog/TRoll/projects/nanoK/libnanoK.a(time.o)
                                                  /home/yog/TRoll/projects/nanoK/libnanoK.a(eeprom.o)
                                                  /home/yog/TRoll/projects/nanoK/libnanoK.a(sleep.o)
                                                  /home/yog/TRoll/projects/nanoK/libnanoK.a(twi.o)
                                                  /home/yog/TRoll/projects/nanoK/libnanoK.a(timer2.o)
                                                  /home/yog/TRoll/projects/nanoK/libnanoK.a(timer0.o)
                                                  /home/yog/TRoll/projects/scalp/libscalp.a(cpu.o)
                                                  /home/yog/TRoll/projects/scalp/libscalp.a(routing_tables.o)
                                                  /home/yog/TRoll/projects/scalp/libscalp.a(dispatcher.o)
                                                  /home/yog/TRoll/projects/scalp/libscalp.a(common.o)
                                                  /home/yog/TRoll/projects/scalp/libscalp.a(basic.o)
                                                  acq.o
                                                  servo.o
                                                  minut.o
__do_copy_data                                    /usr/lib/gcc/avr/4.7.0/avr5/libgcc.a(_copy_data.o)
                                                  minut.o
__epilogue_restores__                             /usr/lib/gcc/avr/4.7.0/avr5/libgcc.a(_epilogue.o)
                                                  /home/yog/TRoll/projects/nanoK/libnanoK.a(adxl345.o)
                                                  /home/yog/TRoll/projects/scalp/libscalp.a(dispatcher.o)
                                                  /home/yog/TRoll/projects/scalp/libscalp.a(common.o)
                                                  /home/yog/TRoll/projects/scalp/libscalp.a(basic.o)
                                                  minut.o
__heap_end                                        /usr/lib/gcc/avr/4.7.0/../../../avr/lib/avr5/crtm328p.o
__init                                            /usr/lib/gcc/avr/4.7.0/../../../avr/lib/avr5/crtm328p.o
__muluhisi3                                       /usr/lib/gcc/avr/4.7.0/avr5/libgcc.a(_muluhisi3.o)
                                                  main.o
__prologue_saves__                                /usr/lib/gcc/avr/4.7.0/avr5/libgcc.a(_prologue.o)
                                                  /home/yog/TRoll/projects/nanoK/libnanoK.a(adxl345.o)
                                                  /home/yog/TRoll/projects/scalp/libscalp.a(dispatcher.o)
                                                  /home/yog/TRoll/projects/scalp/libscalp.a(common.o)
                                                  /home/yog/TRoll/projects/scalp/libscalp.a(basic.o)
                                                  minut.o
__stack                                           /usr/lib/gcc/avr/4.7.0/../../../avr/lib/avr5/crtm328p.o
__tablejump2__                                    /usr/lib/gcc/avr/4.7.0/avr5/libgcc.a(_tablejump.o)
                                                  /home/yog/TRoll/projects/scalp/libscalp.a(dispatcher.o)
                                                  /home/yog/TRoll/projects/scalp/libscalp.a(common.o)
                                                  /home/yog/TRoll/projects/scalp/libscalp.a(basic.o)
__tablejump__                                     /usr/lib/gcc/avr/4.7.0/avr5/libgcc.a(_tablejump.o)
__udivmodhi4                                      /usr/lib/gcc/avr/4.7.0/avr5/libgcc.a(_udivmodhi4.o)
                                                  /usr/lib/gcc/avr/4.7.0/avr5/libgcc.a(_divmodhi4.o)
__udivmodsi4                                      /usr/lib/gcc/avr/4.7.0/avr5/libgcc.a(_udivmodsi4.o)
                                                  /home/yog/TRoll/projects/scalp/libscalp.a(common.o)
                                                  main.o
__umulhisi3                                       /usr/lib/gcc/avr/4.7.0/avr5/libgcc.a(_umulhisi3.o)
                                                  /usr/lib/gcc/avr/4.7.0/avr5/libgcc.a(_muluhisi3.o)
                                                  /home/yog/TRoll/projects/scalp/libscalp.a(basic.o)
__vector_1                                        /usr/lib/gcc/avr/4.7.0/../../../avr/lib/avr5/crtm328p.o
__vector_10                                       /usr/lib/gcc/avr/4.7.0/../../../avr/lib/avr5/crtm328p.o
__vector_11                                       /usr/lib/gcc/avr/4.7.0/../../../avr/lib/avr5/crtm328p.o
__vector_12                                       /usr/lib/gcc/avr/4.7.0/../../../avr/lib/avr5/crtm328p.o
__vector_13                                       /usr/lib/gcc/avr/4.7.0/../../../avr/lib/avr5/crtm328p.o
__vector_14                                       /home/yog/TRoll/projects/nanoK/libnanoK.a(timer0.o)
                                                  /usr/lib/gcc/avr/4.7.0/../../../avr/lib/avr5/crtm328p.o
__vector_15                                       /usr/lib/gcc/avr/4.7.0/../../../avr/lib/avr5/crtm328p.o
__vector_16                                       /home/yog/TRoll/projects/nanoK/libnanoK.a(timer0.o)
                                                  /usr/lib/gcc/avr/4.7.0/../../../avr/lib/avr5/crtm328p.o
__vector_17                                       /home/yog/TRoll/projects/nanoK/libnanoK.a(spi.o)
                                                  /usr/lib/gcc/avr/4.7.0/../../../avr/lib/avr5/crtm328p.o
__vector_18                                       /usr/lib/gcc/avr/4.7.0/../../../avr/lib/avr5/crtm328p.o
__vector_19                                       /usr/lib/gcc/avr/4.7.0/../../../avr/lib/avr5/crtm328p.o
__vector_2                                        /usr/lib/gcc/avr/4.7.0/../../../avr/lib/avr5/crtm328p.o
__vector_20                                       /usr/lib/gcc/avr/4.7.0/../../../avr/lib/avr5/crtm328p.o
__vector_21                                       /usr/lib/gcc/avr/4.7.0/../../../avr/lib/avr5/crtm328p.o
__vector_22                                       /home/yog/TRoll/projects/nanoK/libnanoK.a(eeprom.o)
                                                  /usr/lib/gcc/avr/4.7.0/../../../avr/lib/avr5/crtm328p.o
__vector_23                                       /usr/lib/gcc/avr/4.7.0/../../../avr/lib/avr5/crtm328p.o
__vector_24                                       /home/yog/TRoll/projects/nanoK/libnanoK.a(twi.o)
                                                  /usr/lib/gcc/avr/4.7.0/../../../avr/lib/avr5/crtm328p.o
__vector_25                                       /usr/lib/gcc/avr/4.7.0/../../../avr/lib/avr5/crtm328p.o
__vector_3                                        /usr/lib/gcc/avr/4.7.0/../../../avr/lib/avr5/crtm328p.o
__vector_4                                        /usr/lib/gcc/avr/4.7.0/../../../avr/lib/avr5/crtm328p.o
__vector_5                                        /usr/lib/gcc/avr/4.7.0/../../../avr/lib/avr5/crtm328p.o
__vector_6                                        /usr/lib/gcc/avr/4.7.0/../../../avr/lib/avr5/crtm328p.o
__vector_7                                        /home/yog/TRoll/projects/nanoK/libnanoK.a(timer2.o)
                                                  /usr/lib/gcc/avr/4.7.0/../../../avr/lib/avr5/crtm328p.o
__vector_8                                        /usr/lib/gcc/avr/4.7.0/../../../avr/lib/avr5/crtm328p.o
__vector_9                                        /home/yog/TRoll/projects/nanoK/libnanoK.a(timer2.o)
                                                  /usr/lib/gcc/avr/4.7.0/../../../avr/lib/avr5/crtm328p.o
__vector_default                                  /usr/lib/gcc/avr/4.7.0/../../../avr/lib/avr5/crtm328p.o
__vectors                                         /usr/lib/gcc/avr/4.7.0/../../../avr/lib/avr5/crtm328p.o
_div                                              /usr/lib/gcc/avr/4.7.0/avr5/libgcc.a(_divmodhi4.o)
_exit                                             /usr/lib/gcc/avr/4.7.0/avr5/libgcc.a(_exit.o)
blink_led                                         /home/yog/TRoll/projects/scalp/libscalp.a(common.o)
exit                                              /usr/lib/gcc/avr/4.7.0/avr5/libgcc.a(_exit.o)
                                                  /usr/lib/gcc/avr/4.7.0/../../../avr/lib/avr5/crtm328p.o
frame_set_0                                       /home/yog/TRoll/projects/scalp/libscalp.a(fr_cmdes.o)
frame_set_1                                       /home/yog/TRoll/projects/scalp/libscalp.a(fr_cmdes.o)
frame_set_2                                       /home/yog/TRoll/projects/scalp/libscalp.a(fr_cmdes.o)
                                                  minut.o
frame_set_3                                       /home/yog/TRoll/projects/scalp/libscalp.a(fr_cmdes.o)
frame_set_4                                       /home/yog/TRoll/projects/scalp/libscalp.a(fr_cmdes.o)
frame_set_5                                       /home/yog/TRoll/projects/scalp/libscalp.a(fr_cmdes.o)
main                                              main.o
                                                  /usr/lib/gcc/avr/4.7.0/../../../avr/lib/avr5/crtm328p.o
memcpy                                            /usr/lib/gcc/avr/4.7.0/../../../avr/lib/avr5/libc.a(memcpy.o)
                                                  /home/yog/TRoll/projects/nanoK/libnanoK.a(fifo.o)
memcpy_P                                          /usr/lib/gcc/avr/4.7.0/../../../avr/lib/avr5/libc.a(memcpy_P.o)
                                                  /home/yog/TRoll/projects/scalp/libscalp.a(basic.o)
